// Jest Snapshot v1, https://goo.gl/fbAQLP

exports[`components/page-title should render 1`] = `
<div>
  <h1
    class="sc-cWSHoV dKuyNJ"
  >
    <span
      class="sc-kMkxaj jWvPnq"
    >
      Page title
    </span>
  </h1>
</div>
`;
